presenter.hpp:40:18:virtual void touchgfx::Presenter::activate()	16	static
presenter.hpp:50:18:virtual void touchgfx::Presenter::deactivate()	16	static
presenter.hpp:55:13:touchgfx::Presenter::~Presenter()	16	static
presenter.hpp:55:13:virtual touchgfx::Presenter::~Presenter()	16	static
presenter.hpp:61:5:touchgfx::Presenter::Presenter()	16	static
gthr-default.h:229:1:int __gthread_key_delete(__gthread_key_t)	16	static
modellistener.hpp:9:5:ModelListener::ModelListener()	16	static
modellistener.hpp:11:13:ModelListener::~ModelListener()	16	static
modellistener.hpp:11:13:virtual ModelListener::~ModelListener()	16	static
modellistener.hpp:18:18:virtual void ModelListener::notifyModeChanged(std::string)	16	static
modellistener.hpp:19:18:virtual void ModelListener::notifyFreqChanged(std::string)	16	static
modellistener.hpp:20:18:virtual void ModelListener::notifyDivTimChanged(std::string)	16	static
modellistener.hpp:21:18:virtual void ModelListener::notifyDrawGraph(uint16_t*, uint16_t)	24	static
mainviewpresenter.hpp:28:13:MainViewPresenter::~MainViewPresenter()	16	static
mainviewpresenter.hpp:28:13:virtual MainViewPresenter::~MainViewPresenter()	16	static
MainViewPresenter.cpp:4:1:MainViewPresenter::MainViewPresenter(MainViewView&)	16	static
MainViewPresenter.cpp:10:6:virtual void MainViewPresenter::activate()	16	static
MainViewPresenter.cpp:15:6:virtual void MainViewPresenter::deactivate()	16	static
MainViewPresenter.cpp:20:6:virtual void MainViewPresenter::notifyModeChanged(std::string)	48	static
MainViewPresenter.cpp:24:6:virtual void MainViewPresenter::notifyFreqChanged(std::string)	48	static
MainViewPresenter.cpp:28:6:virtual void MainViewPresenter::notifyDivTimChanged(std::string)	48	static
MainViewPresenter.cpp:32:6:virtual void MainViewPresenter::notifyDrawGraph(uint16_t*, uint16_t)	24	static
