gthr-default.h:229:1:int __gthread_key_delete(__gthread_key_t)	16	static
event.h:49:24:XFEvent::XFEventType XFEvent::getEventType() const	16	static
event.h:62:16:int XFEvent::getId() const	16	static
eventstatus.h:37:5:XFEventStatus::XFEventStatus(XFEventStatus::eEventStatus)	16	static
buttonscontrollercallbackprovider.h:14:13:interface::ButtonsControllerCallbackProvider::~ButtonsControllerCallbackProvider()	16	static
buttonscontrollercallbackprovider.h:14:13:virtual interface::ButtonsControllerCallbackProvider::~ButtonsControllerCallbackProvider()	16	static
buttonscontrollercallbackprovider.h:27:5:interface::ButtonsControllerCallbackProvider::ButtonsControllerCallbackProvider()	16	static
freqgencontroller.h:61:32:oscilloscope::Gui& oscilloscope::FreqGenController::gui() const	16	static
freqgencontroller.cpp:13:1:oscilloscope::FreqGenController::FreqGenController()	16	static
freqgencontroller.cpp:49:6:void oscilloscope::FreqGenController::onButtonChanged(uint16_t, bool)	32	static
freqgencontroller.cpp:56:20:static oscilloscope::FreqGenController* oscilloscope::FreqGenController::getInstance()	4	static
freqgencontroller.cpp:61:16:virtual XFEventStatus oscilloscope::FreqGenController::processEvent()	48	static
freqgencontroller.cpp:134:6:void oscilloscope::FreqGenController::start()	16	static
freqgencontroller.cpp:138:6:void oscilloscope::FreqGenController::frequencyUp()	48	static
freqgencontroller.cpp:177:6:void oscilloscope::FreqGenController::frequencyDown()	48	static
freqgencontroller.cpp:216:6:void oscilloscope::FreqGenController::shiftMode()	112	static
freqgencontroller.cpp:249:6:void oscilloscope::FreqGenController::initialize(oscilloscope::Gui&)	16	static
freqgencontroller.cpp:255:6:void oscilloscope::FreqGenController::change()	16	static
freqgencontroller.cpp:261:13:static std::string oscilloscope::FreqGenController::toString(const Frequency&)	24	static
freqgencontroller.h:32:7:oscilloscope::FreqGenController::~FreqGenController()	16	static
freqgencontroller.h:32:7:virtual oscilloscope::FreqGenController::~FreqGenController()	16	static
