gthr-default.h:229:1:int __gthread_key_delete(__gthread_key_t)	16	static
eventstatus.h:37:5:XFEventStatus::XFEventStatus(XFEventStatus::eEventStatus)	16	static
event.h:42:5:XFEvent::XFEvent(XFEvent::XFEventType, int, interface::XFReactive*)	24	static
event.h:43:13:XFEvent::~XFEvent()	16	static
event.h:43:13:virtual XFEvent::~XFEvent()	16	static
event.h:49:24:XFEvent::XFEventType XFEvent::getEventType() const	16	static
event.h:62:16:int XFEvent::getId() const	16	static
event.h:64:18:virtual bool XFEvent::deleteAfterConsume() const	16	static
behavior.h:71:17:void XFBehavior::scheduleTimeout(int, int)	32	static
guiobserver.h:9:13:interface::GuiObserver::~GuiObserver()	16	static
guiobserver.h:9:13:virtual interface::GuiObserver::~GuiObserver()	16	static
guiobserver.h:17:5:interface::GuiObserver::GuiObserver()	16	static
oscilloscopecontroller.h:41:10:oscilloscope::Controller::~Controller()	16	static
oscilloscopecontroller.h:41:10:virtual oscilloscope::Controller::~Controller()	16	static
oscilloscopecontroller.h:59:14:virtual uint32_t oscilloscope::Controller::getTDivCount() const	16	static
oscilloscopecontroller.h:65:15:oscilloscope::Gui& oscilloscope::Controller::gui() const	16	static
oscilloscopecontroller.cpp:18:1:oscilloscope::Controller::Controller()	16	static
oscilloscopecontroller.cpp:29:14:static oscilloscope::Controller& oscilloscope::Controller::getInstance()	8	static
oscilloscopecontroller.cpp:35:6:void oscilloscope::Controller::initialize(oscilloscope::Gui&, uint16_t*, uint32_t)	24	static
oscilloscopecontroller.cpp:44:6:void oscilloscope::Controller::start()	16	static
oscilloscopecontroller.cpp:49:15:virtual XFEventStatus oscilloscope::Controller::processEvent()	24	static
oscilloscopecontroller.cpp:84:6:virtual void oscilloscope::Controller::onButtonTimePlusPressed()	32	static
oscilloscopecontroller.cpp:91:6:virtual void oscilloscope::Controller::onButtonTimeMinusPressed()	32	static
oscilloscopecontroller.cpp:98:6:void oscilloscope::Controller::doShowAnalogSignal()	16	static
oscilloscopecontroller.cpp:103:6:void oscilloscope::Controller::doButtonTimePlusPressed()	48	static
oscilloscopecontroller.cpp:113:6:void oscilloscope::Controller::doButtonTimeMinusPressed()	48	static
oscilloscopecontroller.cpp:123:13:std::string oscilloscope::Controller::getText(oscilloscope::TDivValue)	40	static
oscilloscopecontroller.h:27:3:oscilloscope::TDivOption::~TDivOption()	16	static
oscilloscopecontroller.cpp:137:1:void __static_initialization_and_destruction_0(int, int)	48	static
oscilloscopecontroller.cpp:137:1:cpp)	8	static
oscilloscopecontroller.cpp:137:1:cpp)	8	static
