DMA.hpp:140:18:virtual void touchgfx::DMA_Interface::flush()	8	static
STM32DMA.hpp:71:31:virtual touchgfx::DMAType STM32F7DMA::getDMAType()	0	static
STM32DMA.hpp:107:18:virtual void STM32F7DMA::signalDMAInterrupt()	8	static
STM32DMA.cpp:41:17:void DMA2D_XferCpltCallback(DMA2D_HandleTypeDef*)	8	static
STM32DMA.cpp:53:1:STM32F7DMA::~STM32F7DMA()	0	static,ignoring_inline_asm
STM32DMA.cpp:59:6:virtual void STM32F7DMA::initialize()	8	static
STM32DMA.cpp:141:16:virtual touchgfx::BlitOperations STM32F7DMA::getBlitCaps()	0	static
STM32DMA.cpp:53:1:virtual STM32F7DMA::~STM32F7DMA()	8	static
STM32DMA.cpp:322:6:virtual void STM32F7DMA::setupDataFill(const touchgfx::BlitOp&)	8	static
STM32DMA.cpp:162:6:virtual void STM32F7DMA::setupDataCopy(const touchgfx::BlitOp&)	16	static,ignoring_inline_asm
STM32DMA.cpp:48:1:STM32F7DMA::STM32F7DMA()	16	static
