Drawable.hpp:271:18:virtual void touchgfx::Drawable::setX(int16_t)	0	static
Drawable.hpp:283:18:virtual void touchgfx::Drawable::setY(int16_t)	0	static
Drawable.hpp:334:18:virtual void touchgfx::Drawable::childGeometryChanged()	0	static
Drawable.hpp:541:18:virtual void touchgfx::Drawable::moveTo(int16_t, int16_t)	16	static
Container.hpp:154:23:virtual touchgfx::Drawable* touchgfx::Container::getFirstChild()	0	static
ScrollWheel.hpp:40:7:touchgfx::ScrollWheel::~ScrollWheel()	0	static
ScrollWheel.cpp:20:6:virtual void touchgfx::ScrollWheel::setDrawables(touchgfx::DrawableListItemsInterface&, touchgfx::GenericCallback<touchgfx::DrawableListItemsInterface*, short int, short int>&)	16	static
ScrollBase.hpp:354:18:virtual void touchgfx::ScrollBase::initialize()	8	static
ScrollWheel.hpp:40:7:virtual touchgfx::ScrollWheel::~ScrollWheel()	8	static
