Drawable.hpp:271:18:virtual void touchgfx::Drawable::setX(int16_t)	0	static
Drawable.hpp:283:18:virtual void touchgfx::Drawable::setY(int16_t)	0	static
Drawable.hpp:334:18:virtual void touchgfx::Drawable::childGeometryChanged()	0	static
Drawable.hpp:541:18:virtual void touchgfx::Drawable::moveTo(int16_t, int16_t)	16	static
Container.hpp:154:23:virtual touchgfx::Drawable* touchgfx::Container::getFirstChild()	0	static
ScrollWheelWithSelectionStyle.cpp:92:9:virtual int16_t touchgfx::ScrollWheelWithSelectionStyle::getSelectedItemExtraSizeBefore() const	0	static
ScrollWheelWithSelectionStyle.cpp:97:9:virtual int16_t touchgfx::ScrollWheelWithSelectionStyle::getSelectedItemExtraSizeAfter() const	0	static
ScrollWheelWithSelectionStyle.cpp:109:9:virtual int16_t touchgfx::ScrollWheelWithSelectionStyle::getSelectedItemMarginBefore() const	0	static
ScrollWheelWithSelectionStyle.cpp:114:9:virtual int16_t touchgfx::ScrollWheelWithSelectionStyle::getSelectedItemMarginAfter() const	0	static
ScrollWheelWithSelectionStyle.cpp:119:6:virtual void touchgfx::ScrollWheelWithSelectionStyle::setSelectedItemPosition(int16_t, int16_t, int16_t, int16_t, int16_t)	16	static
ScrollWheelWithSelectionStyle.hpp:38:7:touchgfx::ScrollWheelWithSelectionStyle::~ScrollWheelWithSelectionStyle()	0	static
ScrollWheelWithSelectionStyle.cpp:62:6:virtual void touchgfx::ScrollWheelWithSelectionStyle::setCircular(bool)	16	static
ScrollWheelWithSelectionStyle.cpp:69:6:virtual void touchgfx::ScrollWheelWithSelectionStyle::setNumberOfItems(int16_t)	16	static
ScrollWheelWithSelectionStyle.cpp:155:6:virtual void touchgfx::ScrollWheelWithSelectionStyle::setOffset(int32_t)	16	static
ScrollWheelWithSelectionStyle.cpp:162:6:virtual void touchgfx::ScrollWheelWithSelectionStyle::itemChanged(int)	16	static
ScrollWheelWithSelectionStyle.hpp:153:18:virtual void touchgfx::ScrollWheelWithSelectionStyle::initialize()	8	static
ScrollWheelWithSelectionStyle.hpp:38:7:virtual touchgfx::ScrollWheelWithSelectionStyle::~ScrollWheelWithSelectionStyle()	8	static
ScrollWheelWithSelectionStyle.cpp:20:1:touchgfx::ScrollWheelWithSelectionStyle::ScrollWheelWithSelectionStyle()	24	static
ScrollWheelWithSelectionStyle.cpp:169:6:void touchgfx::ScrollWheelWithSelectionStyle::refreshDrawableListsLayout()	48	static
ScrollWheelWithSelectionStyle.cpp:36:6:virtual void touchgfx::ScrollWheelWithSelectionStyle::setWidth(int16_t)	8	static
ScrollWheelWithSelectionStyle.cpp:45:6:virtual void touchgfx::ScrollWheelWithSelectionStyle::setHeight(int16_t)	8	static
ScrollWheelWithSelectionStyle.cpp:54:6:virtual void touchgfx::ScrollWheelWithSelectionStyle::setHorizontal(bool)	16	static
ScrollWheelWithSelectionStyle.cpp:79:6:virtual void touchgfx::ScrollWheelWithSelectionStyle::setSelectedItemOffset(int16_t)	8	static
ScrollWheelWithSelectionStyle.cpp:85:6:virtual void touchgfx::ScrollWheelWithSelectionStyle::setSelectedItemExtraSize(int16_t, int16_t)	8	static
ScrollWheelWithSelectionStyle.cpp:102:6:virtual void touchgfx::ScrollWheelWithSelectionStyle::setSelectedItemMargin(int16_t, int16_t)	8	static
ScrollWheelWithSelectionStyle.cpp:126:6:virtual void touchgfx::ScrollWheelWithSelectionStyle::setDrawableSize(int16_t, int16_t)	16	static
ScrollWheelWithSelectionStyle.cpp:139:6:virtual void touchgfx::ScrollWheelWithSelectionStyle::setDrawables(touchgfx::DrawableListItemsInterface&, touchgfx::GenericCallback<touchgfx::DrawableListItemsInterface*, short int, short int>&, touchgfx::DrawableListItemsInterface&, touchgfx::GenericCallback<touchgfx::DrawableListItemsInterface*, short int, short int>&)	16	static
