Drawable.hpp:134:23:virtual touchgfx::Drawable* touchgfx::Drawable::getFirstChild()	0	static
Drawable.hpp:271:18:virtual void touchgfx::Drawable::setX(int16_t)	0	static
Drawable.hpp:283:18:virtual void touchgfx::Drawable::setY(int16_t)	0	static
Drawable.hpp:312:18:virtual void touchgfx::Drawable::setWidth(int16_t)	0	static
Drawable.hpp:324:18:virtual void touchgfx::Drawable::setHeight(int16_t)	0	static
Drawable.hpp:334:18:virtual void touchgfx::Drawable::childGeometryChanged()	0	static
Drawable.hpp:356:18:virtual void touchgfx::Drawable::handleGestureEvent(const touchgfx::GestureEvent&)	0	static
Drawable.hpp:444:18:virtual void touchgfx::Drawable::handleDragEvent(const touchgfx::DragEvent&)	0	static
Drawable.hpp:454:18:virtual void touchgfx::Drawable::handleTickEvent()	0	static
Drawable.hpp:541:18:virtual void touchgfx::Drawable::moveTo(int16_t, int16_t)	16	static
Drawable.hpp:656:18:virtual void touchgfx::Drawable::setupDrawChain(const touchgfx::Rect&, touchgfx::Drawable**)	0	static
Widget.hpp:50:18:virtual void touchgfx::Widget::getLastChild(int16_t, int16_t, touchgfx::Drawable**)	0	static
AbstractButton.hpp:75:18:virtual void touchgfx::AbstractButton::executeAction()	8	static
AbstractButton.hpp:88:18:virtual bool touchgfx::AbstractButton::getPressedState() const	0	static
Button.hpp:33:7:touchgfx::Button::~Button()	0	static
Button.cpp:34:6:virtual void touchgfx::Button::setBitmaps(const touchgfx::Bitmap&, const touchgfx::Bitmap&)	16	static
Button.cpp:21:6:virtual void touchgfx::Button::draw(const touchgfx::Rect&) const	72	static
Button.cpp:43:6:virtual touchgfx::Rect touchgfx::Button::getSolidRect() const	8	static
Button.hpp:33:7:virtual touchgfx::Button::~Button()	8	static
