main.c:112:5:main	8	static
main.c:176:6:SystemClock_Config	216	static
main.c:255:13:MX_ADC3_Init	24	static
main.c:305:13:MX_CRC_Init	8	static
main.c:336:13:MX_DCMI_Init	8	static
main.c:373:13:MX_DMA2D_Init	8	static
main.c:410:13:MX_I2C3_Init	8	static
main.c:456:13:MX_LTDC_Init	64	static
main.c:518:13:MX_RTC_Init	80	static
main.c:610:13:MX_SAI2_Init	8	static
main.c:685:13:MX_SPDIFRX_Init	8	static
main.c:721:13:MX_SPI2_Init	8	static
main.c:761:13:MX_TIM1_Init	112	static
main.c:841:13:MX_TIM2_Init	64	static
main.c:900:13:MX_TIM3_Init	64	static
main.c:959:13:MX_TIM5_Init	64	static
main.c:1018:13:MX_TIM8_Init	40	static
main.c:1065:13:MX_TIM12_Init	40	static
main.c:1107:13:MX_USART1_UART_Init	8	static
main.c:1142:13:MX_USART6_UART_Init	8	static
main.c:1177:13:MX_GPIO_Init	72	static
main.c:1516:6:HAL_TIM_PeriodElapsedCallback	16	static
main.c:1543:6:Error_Handler	4	static,ignoring_inline_asm
