main.c:138:5:main	8	static
main.c:238:6:SystemClock_Config	216	static
main.c:317:13:MX_ADC3_Init	24	static
main.c:367:13:MX_CRC_Init	8	static
main.c:398:13:MX_DCMI_Init	8	static
main.c:435:13:MX_DMA2D_Init	8	static
main.c:472:13:MX_I2C3_Init	8	static
main.c:518:13:MX_LTDC_Init	64	static
main.c:580:13:MX_RTC_Init	80	static
main.c:672:13:MX_SAI2_Init	8	static
main.c:747:13:MX_SPDIFRX_Init	8	static
main.c:783:13:MX_SPI2_Init	8	static
main.c:823:13:MX_TIM1_Init	112	static
main.c:903:13:MX_USART1_UART_Init	8	static
main.c:938:13:MX_USART6_UART_Init	8	static
main.c:969:13:MX_FMC_Init	40	static
main.c:1073:13:MX_GPIO_Init	72	static
main.c:1383:6:StartDefaultTask	16	static
main.c:1403:6:HAL_TIM_PeriodElapsedCallback	16	static
main.c:1430:6:Error_Handler	4	static,ignoring_inline_asm
