stm32f7xx_hal_msp.c:66:6:HAL_MspInit	16	static
stm32f7xx_hal_msp.c:90:6:HAL_ADC_MspInit	48	static
stm32f7xx_hal_msp.c:136:6:HAL_ADC_MspDeInit	16	static
stm32f7xx_hal_msp.c:172:6:HAL_CRC_MspInit	24	static
stm32f7xx_hal_msp.c:194:6:HAL_CRC_MspDeInit	16	static
stm32f7xx_hal_msp.c:216:6:HAL_DCMI_MspInit	64	static
stm32f7xx_hal_msp.c:294:6:HAL_DCMI_MspDeInit	16	static
stm32f7xx_hal_msp.c:341:6:HAL_DMA2D_MspInit	24	static
stm32f7xx_hal_msp.c:366:6:HAL_DMA2D_MspDeInit	16	static
stm32f7xx_hal_msp.c:391:6:HAL_I2C_MspInit	48	static
stm32f7xx_hal_msp.c:427:6:HAL_I2C_MspDeInit	16	static
stm32f7xx_hal_msp.c:458:6:HAL_LTDC_MspInit	64	static
stm32f7xx_hal_msp.c:559:6:HAL_LTDC_MspDeInit	16	static
stm32f7xx_hal_msp.c:628:6:HAL_RTC_MspInit	16	static
stm32f7xx_hal_msp.c:650:6:HAL_RTC_MspDeInit	16	static
stm32f7xx_hal_msp.c:672:6:HAL_SPDIFRX_MspInit	48	static
stm32f7xx_hal_msp.c:707:6:HAL_SPDIFRX_MspDeInit	16	static
stm32f7xx_hal_msp.c:735:6:HAL_SPI_MspInit	48	static
stm32f7xx_hal_msp.c:780:6:HAL_SPI_MspDeInit	16	static
stm32f7xx_hal_msp.c:812:6:HAL_TIM_Base_MspInit	24	static
stm32f7xx_hal_msp.c:831:6:HAL_TIM_MspPostInit	40	static
stm32f7xx_hal_msp.c:863:6:HAL_TIM_Base_MspDeInit	16	static
stm32f7xx_hal_msp.c:888:6:HAL_UART_MspInit	56	static
stm32f7xx_hal_msp.c:956:6:HAL_UART_MspDeInit	16	static
stm32f7xx_hal_msp.c:1001:13:HAL_FMC_MspInit	32	static
stm32f7xx_hal_msp.c:1107:6:HAL_SDRAM_MspInit	16	static
stm32f7xx_hal_msp.c:1119:13:HAL_FMC_MspDeInit	8	static
stm32f7xx_hal_msp.c:1193:6:HAL_SDRAM_MspDeInit	16	static
stm32f7xx_hal_msp.c:1205:6:HAL_SAI_MspInit	48	static
stm32f7xx_hal_msp.c:1255:6:HAL_SAI_MspDeInit	16	static
