stm32f7xx_hal_msp.c:66:6:HAL_MspInit	16	static
stm32f7xx_hal_msp.c:88:6:HAL_ADC_MspInit	48	static
stm32f7xx_hal_msp.c:134:6:HAL_ADC_MspDeInit	16	static
stm32f7xx_hal_msp.c:170:6:HAL_CRC_MspInit	24	static
stm32f7xx_hal_msp.c:192:6:HAL_CRC_MspDeInit	16	static
stm32f7xx_hal_msp.c:214:6:HAL_DCMI_MspInit	64	static
stm32f7xx_hal_msp.c:292:6:HAL_DCMI_MspDeInit	16	static
stm32f7xx_hal_msp.c:339:6:HAL_DMA2D_MspInit	24	static
stm32f7xx_hal_msp.c:364:6:HAL_DMA2D_MspDeInit	16	static
stm32f7xx_hal_msp.c:389:6:HAL_I2C_MspInit	48	static
stm32f7xx_hal_msp.c:425:6:HAL_I2C_MspDeInit	16	static
stm32f7xx_hal_msp.c:456:6:HAL_LTDC_MspInit	64	static
stm32f7xx_hal_msp.c:557:6:HAL_LTDC_MspDeInit	16	static
stm32f7xx_hal_msp.c:626:6:HAL_RTC_MspInit	16	static
stm32f7xx_hal_msp.c:648:6:HAL_RTC_MspDeInit	16	static
stm32f7xx_hal_msp.c:670:6:HAL_SPDIFRX_MspInit	48	static
stm32f7xx_hal_msp.c:705:6:HAL_SPDIFRX_MspDeInit	16	static
stm32f7xx_hal_msp.c:733:6:HAL_SPI_MspInit	48	static
stm32f7xx_hal_msp.c:778:6:HAL_SPI_MspDeInit	16	static
stm32f7xx_hal_msp.c:810:6:HAL_TIM_Base_MspInit	24	static
stm32f7xx_hal_msp.c:829:6:HAL_TIM_MspPostInit	40	static
stm32f7xx_hal_msp.c:861:6:HAL_TIM_Base_MspDeInit	16	static
stm32f7xx_hal_msp.c:886:6:HAL_UART_MspInit	56	static
stm32f7xx_hal_msp.c:954:6:HAL_UART_MspDeInit	16	static
stm32f7xx_hal_msp.c:999:13:HAL_FMC_MspInit	32	static
stm32f7xx_hal_msp.c:1105:6:HAL_SDRAM_MspInit	16	static
stm32f7xx_hal_msp.c:1117:13:HAL_FMC_MspDeInit	8	static
stm32f7xx_hal_msp.c:1191:6:HAL_SDRAM_MspDeInit	16	static
stm32f7xx_hal_msp.c:1203:6:HAL_SAI_MspInit	48	static
stm32f7xx_hal_msp.c:1253:6:HAL_SAI_MspDeInit	16	static
