Screen.hpp:107:18:virtual void touchgfx::Screen::afterTransition()	0	static
Screen.hpp:147:18:virtual void touchgfx::Screen::handleTickEvent()	0	static
TerminalView.hpp:13:13:TerminalView::~TerminalView()	0	static
terminalView.cpp:14:6:virtual void TerminalView::tearDownScreen()	0	static
terminalView.cpp:9:6:virtual void TerminalView::setupScreen()	8	static
terminalView.cpp:19:6:virtual void TerminalView::onButtonClearLogTextClicked()	8	static
TerminalView.hpp:13:13:virtual TerminalView::~TerminalView()	8	static
terminalView.cpp:3:1:TerminalView::TerminalView()	8	static
terminalView.cpp:25:6:void TerminalView::updateLogText(const string&)	24	static
terminalView.cpp:58:6:void TerminalView::clearLogText()	24	static
