buttoneventsledflasher.cpp:32:6:virtual void ButtonEventsLedFlasher::onButtonShortPressed(interface::ButtonEventsHandlerObserver::ButtonIndex)	8	static
buttoneventsledflasher.cpp:37:6:virtual void ButtonEventsLedFlasher::onButtonLongPressed(interface::ButtonEventsHandlerObserver::ButtonIndex)	8	static
buttoneventsledflasher.cpp:26:6:void ButtonEventsLedFlasher::startLedsBehavior()	16	static
vector.tcc:426:7:) [with _Args = {LedStateSm*}; _Tp = LedStateSm*; _Alloc = std::allocator<LedStateSm*>]	48	static
vector.tcc:109:7:) [with _Args = {LedStateSm*}; _Tp = LedStateSm*; _Alloc = std::allocator<LedStateSm*>]	8	static
buttoneventsledflasher.cpp:15:1:ButtonEventsLedFlasher::ButtonEventsLedFlasher()	32	static
buttoneventsledflasher.cpp:10:25:static ButtonEventsLedFlasher* ButtonEventsLedFlasher::getInstance()	8	static
buttoneventsledflasher.cpp:22:1:ButtonEventsLedFlasher::~ButtonEventsLedFlasher()	8	static
buttoneventsledflasher.cpp:11:32:void __tcf_0()	8	static
buttoneventsledflasher.cpp:22:1:virtual ButtonEventsLedFlasher::~ButtonEventsLedFlasher()	8	static
