Drawable.hpp:271:18:virtual void touchgfx::Drawable::setX(int16_t)	0	static
Drawable.hpp:283:18:virtual void touchgfx::Drawable::setY(int16_t)	0	static
Drawable.hpp:312:18:virtual void touchgfx::Drawable::setWidth(int16_t)	0	static
Drawable.hpp:324:18:virtual void touchgfx::Drawable::setHeight(int16_t)	0	static
Drawable.hpp:334:18:virtual void touchgfx::Drawable::childGeometryChanged()	0	static
Drawable.hpp:345:18:virtual void touchgfx::Drawable::handleClickEvent(const touchgfx::ClickEvent&)	0	static
Drawable.hpp:356:18:virtual void touchgfx::Drawable::handleGestureEvent(const touchgfx::GestureEvent&)	0	static
Drawable.hpp:444:18:virtual void touchgfx::Drawable::handleDragEvent(const touchgfx::DragEvent&)	0	static
Drawable.hpp:541:18:virtual void touchgfx::Drawable::moveTo(int16_t, int16_t)	16	static
Container.hpp:154:23:virtual touchgfx::Drawable* touchgfx::Container::getFirstChild()	0	static
AbstractProgressIndicator.cpp:36:6:virtual void touchgfx::AbstractProgressIndicator::setProgressIndicatorPosition(int16_t, int16_t, int16_t, int16_t)	32	static
AbstractProgressIndicator.cpp:51:9:virtual int16_t touchgfx::AbstractProgressIndicator::getProgressIndicatorX() const	0	static
AbstractProgressIndicator.cpp:56:9:virtual int16_t touchgfx::AbstractProgressIndicator::getProgressIndicatorY() const	0	static
AbstractProgressIndicator.cpp:61:9:virtual int16_t touchgfx::AbstractProgressIndicator::getProgressIndicatorWidth() const	0	static
AbstractProgressIndicator.cpp:66:9:virtual int16_t touchgfx::AbstractProgressIndicator::getProgressIndicatorHeight() const	0	static
AbstractProgressIndicator.cpp:89:6:virtual void touchgfx::AbstractProgressIndicator::getRange(int&, int&, uint16_t&, uint16_t&) const	4	static
AbstractProgressIndicator.cpp:97:6:virtual void touchgfx::AbstractProgressIndicator::getRange(int&, int&, uint16_t&) const	4	static
AbstractProgressIndicator.cpp:104:6:virtual void touchgfx::AbstractProgressIndicator::getRange(int&, int&) const	0	static
AbstractProgressIndicator.cpp:110:6:virtual void touchgfx::AbstractProgressIndicator::setValue(int)	8	static
AbstractProgressIndicator.cpp:124:6:virtual void touchgfx::AbstractProgressIndicator::setEasingEquation(touchgfx::EasingEquation)	0	static
AbstractProgressIndicator.cpp:154:5:virtual int touchgfx::AbstractProgressIndicator::getValue() const	0	static
AbstractProgressIndicator.cpp:200:6:virtual void touchgfx::AbstractProgressIndicator::getRange(int16_t&, int16_t&, uint16_t&, uint16_t&) const	32	static
AbstractProgressIndicator.cpp:208:6:virtual void touchgfx::AbstractProgressIndicator::getRange(int16_t&, int16_t&, uint16_t&) const	24	static
AbstractProgressIndicator.cpp:216:6:virtual void touchgfx::AbstractProgressIndicator::getRange(int16_t&, int16_t&) const	24	static
AbstractProgressIndicator.hpp:37:7:touchgfx::AbstractProgressIndicator::~AbstractProgressIndicator()	0	static
AbstractProgressIndicator.hpp:37:7:virtual touchgfx::AbstractProgressIndicator::~AbstractProgressIndicator()	8	static
AbstractProgressIndicator.cpp:30:6:virtual void touchgfx::AbstractProgressIndicator::setBackground(const touchgfx::Bitmap&)	16	static
AbstractProgressIndicator.cpp:71:6:virtual void touchgfx::AbstractProgressIndicator::setRange(int, int, uint16_t, uint16_t)	24	static
AbstractProgressIndicator.cpp:178:6:virtual void touchgfx::AbstractProgressIndicator::handleTickEvent()	16	static
AbstractProgressIndicator.cpp:129:6:virtual void touchgfx::AbstractProgressIndicator::updateValue(int, uint16_t)	16	static
AbstractProgressIndicator.cpp:159:10:virtual uint16_t touchgfx::AbstractProgressIndicator::getProgress(uint16_t) const	32	static
AbstractProgressIndicator.cpp:20:1:touchgfx::AbstractProgressIndicator::AbstractProgressIndicator()	32	static
AbstractProgressIndicator.cpp:173:6:void touchgfx::AbstractProgressIndicator::setValueSetAction(touchgfx::GenericCallback<const touchgfx::AbstractProgressIndicator&>&)	0	static
AbstractProgressIndicator.cpp:195:6:void touchgfx::AbstractProgressIndicator::setValueUpdatedAction(touchgfx::GenericCallback<const touchgfx::AbstractProgressIndicator&>&)	0	static
