Drawable.hpp:271:18:virtual void touchgfx::Drawable::setX(int16_t)	0	static
Drawable.hpp:283:18:virtual void touchgfx::Drawable::setY(int16_t)	0	static
Drawable.hpp:312:18:virtual void touchgfx::Drawable::setWidth(int16_t)	0	static
Drawable.hpp:324:18:virtual void touchgfx::Drawable::setHeight(int16_t)	0	static
Drawable.hpp:334:18:virtual void touchgfx::Drawable::childGeometryChanged()	0	static
Drawable.hpp:345:18:virtual void touchgfx::Drawable::handleClickEvent(const touchgfx::ClickEvent&)	0	static
Drawable.hpp:356:18:virtual void touchgfx::Drawable::handleGestureEvent(const touchgfx::GestureEvent&)	0	static
Drawable.hpp:444:18:virtual void touchgfx::Drawable::handleDragEvent(const touchgfx::DragEvent&)	0	static
Drawable.hpp:541:18:virtual void touchgfx::Drawable::moveTo(int16_t, int16_t)	16	static
Container.hpp:154:23:virtual touchgfx::Drawable* touchgfx::Container::getFirstChild()	0	static
TypedText.hpp:68:13:touchgfx::TypedText::~TypedText()	0	static
TextProgress.cpp:41:11:virtual touchgfx::TypedText touchgfx::TextProgress::getTypedText() const	0	static
TextProgress.cpp:46:6:virtual void touchgfx::TextProgress::setColor(touchgfx::colortype)	0	static
TextProgress.cpp:51:11:virtual touchgfx::colortype touchgfx::TextProgress::getColor() const	0	static
TextProgress.cpp:56:6:virtual void touchgfx::TextProgress::setAlpha(uint8_t)	0	static
TextProgress.cpp:61:9:virtual uint8_t touchgfx::TextProgress::getAlpha() const	0	static
TextProgress.cpp:83:6:virtual void touchgfx::TextProgress::setNumberOfDecimals(uint16_t)	16	static
TextProgress.cpp:89:10:virtual uint16_t touchgfx::TextProgress::getNumberOfDecimals() const	0	static
TextProgress.hpp:34:7:touchgfx::TextProgress::~TextProgress()	0	static
TypedText.hpp:68:13:virtual touchgfx::TypedText::~TypedText()	8	static
TextProgress.hpp:34:7:virtual touchgfx::TextProgress::~TextProgress()	8	static
TextProgress.cpp:29:6:virtual void touchgfx::TextProgress::setProgressIndicatorPosition(int16_t, int16_t, int16_t, int16_t)	40	static
TextProgress.cpp:36:6:virtual void touchgfx::TextProgress::setTypedText(const touchgfx::TypedText&)	16	static
TextProgress.cpp:66:6:virtual void touchgfx::TextProgress::setValue(int)	32	static
TextProgress.cpp:20:1:touchgfx::TextProgress::TextProgress()	8	static
