font.hpp:146:13:touchgfx::Font::~Font()	16	static
font.hpp:146:13:virtual touchgfx::Font::~Font()	16	static
constfont.hpp:36:7:touchgfx::ConstFont::~ConstFont()	16	static
constfont.hpp:36:7:virtual touchgfx::ConstFont::~ConstFont()	16	static
generatedfont.hpp:17:7:touchgfx::GeneratedFont::~GeneratedFont()	16	static
generatedfont.hpp:17:7:virtual touchgfx::GeneratedFont::~GeneratedFont()	16	static
Table_verdana_10_4bpp.cpp:91:158:void __tcf_0()	8	static
Table_verdana_10_4bpp.cpp:89:26:touchgfx::GeneratedFont& getFont_verdana_10_4bpp()	48	static
