Drawable.hpp:271:18:virtual void touchgfx::Drawable::setX(int16_t)	0	static
Drawable.hpp:283:18:virtual void touchgfx::Drawable::setY(int16_t)	0	static
Drawable.hpp:312:18:virtual void touchgfx::Drawable::setWidth(int16_t)	0	static
Drawable.hpp:324:18:virtual void touchgfx::Drawable::setHeight(int16_t)	0	static
Drawable.hpp:334:18:virtual void touchgfx::Drawable::childGeometryChanged()	0	static
Drawable.hpp:345:18:virtual void touchgfx::Drawable::handleClickEvent(const touchgfx::ClickEvent&)	0	static
Drawable.hpp:356:18:virtual void touchgfx::Drawable::handleGestureEvent(const touchgfx::GestureEvent&)	0	static
Drawable.hpp:444:18:virtual void touchgfx::Drawable::handleDragEvent(const touchgfx::DragEvent&)	0	static
Drawable.hpp:454:18:virtual void touchgfx::Drawable::handleTickEvent()	0	static
Drawable.hpp:541:18:virtual void touchgfx::Drawable::moveTo(int16_t, int16_t)	16	static
Container.hpp:154:23:virtual touchgfx::Drawable* touchgfx::Container::getFirstChild()	0	static
ListLayout.hpp:74:23:virtual touchgfx::Direction touchgfx::ListLayout::getDirection() const	0	static
ListLayout.cpp:31:10:void touchgfx::AdjustElements::handleInsert(touchgfx::Drawable&)	8	static
ListLayout.cpp:64:10:void touchgfx::AdjustElements::handleRemove(touchgfx::Drawable&)	16	static
Callback.hpp:362:8:touchgfx::Callback<touchgfx::AdjustElements, touchgfx::Drawable&>::~Callback()	0	static
Callback.hpp:362:8:touchgfx::Callback<touchgfx::ListLayout, touchgfx::Drawable&>::~Callback()	0	static
ListLayout.hpp:40:7:touchgfx::ListLayout::~ListLayout()	0	static
Callback.hpp:392:18:void touchgfx::Callback<dest_type, T1, void, void>::execute(T1) [with dest_type = touchgfx::AdjustElements; T1 = touchgfx::Drawable&]	16	static
Callback.hpp:402:18:bool touchgfx::Callback<dest_type, T1, void, void>::isValid() const [with dest_type = touchgfx::AdjustElements; T1 = touchgfx::Drawable&]	0	static
Callback.hpp:392:18:void touchgfx::Callback<dest_type, T1, void, void>::execute(T1) [with dest_type = touchgfx::ListLayout; T1 = touchgfx::Drawable&]	16	static
Callback.hpp:402:18:bool touchgfx::Callback<dest_type, T1, void, void>::isValid() const [with dest_type = touchgfx::ListLayout; T1 = touchgfx::Drawable&]	0	static
ListLayout.cpp:176:6:virtual void touchgfx::ListLayout::setDirection(touchgfx::Direction)	48	static
ListLayout.hpp:40:7:virtual touchgfx::ListLayout::~ListLayout()	8	static
Callback.hpp:362:8:virtual touchgfx::Callback<touchgfx::ListLayout, touchgfx::Drawable&>::~Callback()	8	static
Callback.hpp:362:8:virtual touchgfx::Callback<touchgfx::AdjustElements, touchgfx::Drawable&>::~Callback()	8	static
ListLayout.cpp:203:6:virtual void touchgfx::ListLayout::removeAll()	16	static
ListLayout.cpp:111:6:void touchgfx::ListLayout::internalAddElementAt(touchgfx::Drawable&, int16_t)	16	static
ListLayout.cpp:140:6:void touchgfx::ListLayout::internalAddElement(touchgfx::Drawable&)	8	static
ListLayout.cpp:193:6:virtual void touchgfx::ListLayout::add(touchgfx::Drawable&)	16	static
ListLayout.cpp:214:6:virtual void touchgfx::ListLayout::insert(touchgfx::Drawable*, touchgfx::Drawable&)	64	static
ListLayout.cpp:145:6:void touchgfx::ListLayout::internalRemoveElement(touchgfx::Drawable&, int16_t)	16	static
ListLayout.cpp:233:6:virtual void touchgfx::ListLayout::remove(touchgfx::Drawable&)	64	static
