stm32f7xx_it.c:72:6:NMI_Handler	0	static
stm32f7xx_it.c:87:6:HardFault_Handler	0	static
stm32f7xx_it.c:102:6:MemManage_Handler	0	static
stm32f7xx_it.c:117:6:BusFault_Handler	0	static
stm32f7xx_it.c:132:6:UsageFault_Handler	0	static
stm32f7xx_it.c:147:6:SVC_Handler	0	static
stm32f7xx_it.c:160:6:DebugMon_Handler	0	static
stm32f7xx_it.c:173:6:PendSV_Handler	0	static
stm32f7xx_it.c:186:6:SysTick_Handler	8	static
stm32f7xx_it.c:214:6:EXTI2_IRQHandler	8	static
stm32f7xx_it.c:228:6:EXTI3_IRQHandler	8	static
stm32f7xx_it.c:242:6:EXTI9_5_IRQHandler	8	static
stm32f7xx_it.c:257:6:LTDC_IRQHandler	8	static
stm32f7xx_it.c:271:6:DMA2D_IRQHandler	8	static
