stm32f7xx_hal_msp.c:687:13:HAL_FMC_MspDeInit	8	static
stm32f7xx_hal_msp.c:64:6:HAL_MspInit	8	static
stm32f7xx_hal_msp.c:86:6:HAL_CRC_MspInit	0	static
stm32f7xx_hal_msp.c:108:6:HAL_CRC_MspDeInit	0	static
stm32f7xx_hal_msp.c:130:6:HAL_DMA2D_MspInit	0	static
stm32f7xx_hal_msp.c:155:6:HAL_DMA2D_MspDeInit	8	static
stm32f7xx_hal_msp.c:180:6:HAL_I2C_MspInit	40	static
stm32f7xx_hal_msp.c:216:6:HAL_I2C_MspDeInit	8	static
stm32f7xx_hal_msp.c:247:6:HAL_LTDC_MspInit	0	static
stm32f7xx_hal_msp.c:350:6:HAL_LTDC_MspDeInit	8	static
stm32f7xx_hal_msp.c:419:6:HAL_SPI_MspInit	48	static
stm32f7xx_hal_msp.c:464:6:HAL_SPI_MspDeInit	8	static
stm32f7xx_hal_msp.c:496:6:HAL_UART_MspInit	48	static
stm32f7xx_hal_msp.c:540:6:HAL_UART_MspDeInit	8	static
stm32f7xx_hal_msp.c:675:6:HAL_SDRAM_MspInit	0	static
stm32f7xx_hal_msp.c:761:6:HAL_SDRAM_MspDeInit	8	static
