resourcefactory-default.cpp:17:37:void __tcf_0()	0	static
resourcefactory-default.cpp:29:27:virtual interface::XFDispatcher* XFResourceFactoryDefault::createDispatcher()	8	static
resourcefactory-default.cpp:35:23:virtual interface::XFThread* XFResourceFactoryDefault::createThread(interface::XFThreadEntryPointProvider*, interface::XFThread::EntryMethodBody, const char*, uint32_t)	8	static
resourcefactory-default.h:21:10:XFResourceFactoryDefault::~XFResourceFactoryDefault()	0	static
resourcefactory-default.h:21:10:virtual XFResourceFactoryDefault::~XFResourceFactoryDefault()	8	static
resourcefactory-default.cpp:22:27:virtual interface::XFDispatcher* XFResourceFactoryDefault::getDefaultDispatcher()	8	static
resourcefactory-default.cpp:44:22:virtual interface::XFMutex* XFResourceFactoryDefault::createMutex()	8	static
resourcefactory-default.cpp:15:32:static interface::XFResourceFactory* XFResourceFactoryDefault::getInstance()	8	static
resourcefactory-default.cpp:9:32:static interface::XFResourceFactory* interface::XFResourceFactory::getInstance()	8	static
resourcefactory-default.cpp:24:29:void __tcf_1()	8	static
resourcefactory-default.cpp:46:24:void __tcf_2()	8	static
