eventqueue-default.cpp:18:6:virtual bool XFEventQueueDefault::empty() const	0	static
eventqueue-default.cpp:54:6:virtual bool XFEventQueueDefault::pend()	0	static
stl_deque.h:756:5:void std::_Deque_base<_Tp, _Alloc>::_M_destroy_nodes(std::_Deque_base<_Tp, _Alloc>::_Map_pointer, std::_Deque_base<_Tp, _Alloc>::_Map_pointer) [with _Tp = const XFEvent*; _Alloc = std::allocator<const XFEvent*>]	16	static
stl_deque.h:678:5:std::_Deque_base<_Tp, _Alloc>::~_Deque_base() [with _Tp = const XFEvent*; _Alloc = std::allocator<const XFEvent*>]	8	static
deque.tcc:571:10:void std::deque<_Tp, _Alloc>::_M_pop_front_aux() [with _Tp = const XFEvent*; _Alloc = std::allocator<const XFEvent*>]	8	static
stl_deque.h:738:5:void std::_Deque_base<_Tp, _Alloc>::_M_create_nodes(std::_Deque_base<_Tp, _Alloc>::_Map_pointer, std::_Deque_base<_Tp, _Alloc>::_Map_pointer) [with _Tp = const XFEvent*; _Alloc = std::allocator<const XFEvent*>]	16	static
stl_deque.h:699:5:void std::_Deque_base<_Tp, _Alloc>::_M_initialize_map(std::size_t) [with _Tp = const XFEvent*; _Alloc = std::allocator<const XFEvent*>]	40	static
eventqueue-default.cpp:8:1:XFEventQueueDefault::XFEventQueueDefault()	8	static
deque.tcc:926:5:void std::deque<_Tp, _Alloc>::_M_reallocate_map(std::deque<_Tp, _Alloc>::size_type, bool) [with _Tp = const XFEvent*; _Alloc = std::allocator<const XFEvent*>]	40	static
deque.tcc:479:7:) [with _Args = {const XFEvent* const&}; _Tp = const XFEvent*; _Alloc = std::allocator<const XFEvent*>]	16	static
eventqueue-default.cpp:13:1:XFEventQueueDefault::~XFEventQueueDefault()	8	static
eventqueue-default.cpp:13:1:virtual XFEventQueueDefault::~XFEventQueueDefault()	8	static
eventqueue-default.cpp:23:6:virtual bool XFEventQueueDefault::push(const XFEvent*, bool)	24	static
eventqueue-default.cpp:34:17:virtual const XFEvent* XFEventQueueDefault::front()	16	static
eventqueue-default.cpp:45:6:virtual void XFEventQueueDefault::pop()	16	static
