STM32TouchController.cpp:29:6:virtual void STM32TouchController::init()	8	static
STM32TouchController.cpp:38:6:virtual bool STM32TouchController::sampleTouch(int32_t&, int32_t&)	16	static
STM32TouchController.hpp:33:7:STM32TouchController::~STM32TouchController()	0	static
STM32TouchController.cpp:68:13:void I2Cx_Error(I2C_HandleTypeDef*, uint8_t)	8	static
STM32TouchController.cpp:117:26:HAL_StatusTypeDef I2Cx_WriteMultiple(I2C_HandleTypeDef*, uint8_t, uint16_t, uint16_t, uint8_t*, uint16_t)	32	static
STM32TouchController.cpp:87:26:HAL_StatusTypeDef I2Cx_ReadMultiple(I2C_HandleTypeDef*, uint8_t, uint16_t, uint16_t, uint8_t*, uint16_t)	32	static
STM32TouchController.hpp:33:7:virtual STM32TouchController::~STM32TouchController()	8	static
STM32TouchController.cpp:144:6:void TS_IO_Write(uint8_t, uint8_t, uint8_t)	24	static
STM32TouchController.cpp:155:9:uint8_t TS_IO_Read(uint8_t, uint8_t)	24	static
STM32TouchController.cpp:169:6:void TS_IO_Delay(uint32_t)	8	static
