HAL.hpp:123:18:virtual void touchgfx::HAL::setDisplayOrientation(touchgfx::DisplayOrientation)	0	static
HAL.hpp:281:28:virtual touchgfx::BlitOperations touchgfx::HAL::getBlitCaps()	8	static
HAL.hpp:570:18:virtual bool touchgfx::HAL::sampleKey(uint8_t&)	0	static
HAL.hpp:760:30:virtual touchgfx::FlashDataReader* touchgfx::HAL::getFlashDataReader() const	0	static
HAL.hpp:909:18:virtual void touchgfx::HAL::taskDelay(uint16_t)	8	static
HAL.hpp:936:22:virtual uint16_t touchgfx::HAL::getTFTCurrentLine()	0	static
HAL.hpp:947:21:virtual touchgfx::DMAType touchgfx::HAL::getDMAType()	8	static
HAL.hpp:1057:18:virtual void touchgfx::HAL::performDisplayOrientationChange()	4	static
TouchGFXHAL.hpp:31:7:TouchGFXHAL::~TouchGFXHAL()	0	static
TouchGFXHAL.cpp:192:1:void __static_initialization_and_destruction_0(int, int)	0	static
TouchGFXHAL.cpp:46:6:virtual void TouchGFXHAL::taskEntry()	8	static
TouchGFXHAL.cpp:69:11:virtual uint16_t* TouchGFXHAL::getTFTFrameBuffer() const	8	static
TouchGFXHAL.cpp:84:6:virtual void TouchGFXHAL::setTFTFrameBuffer(uint16_t*)	8	static
TouchGFXHAL.cpp:101:6:virtual void TouchGFXHAL::flushFrameBuffer(const touchgfx::Rect&)	8	static,ignoring_inline_asm
TouchGFXHAL.cpp:119:6:virtual bool TouchGFXHAL::blockCopy(void*, const void*, uint32_t)	8	static
TouchGFXHAL.cpp:128:6:virtual void TouchGFXHAL::configureInterrupts()	8	static
TouchGFXHAL.cpp:141:6:virtual void TouchGFXHAL::enableInterrupts()	8	static
TouchGFXHAL.cpp:154:6:virtual void TouchGFXHAL::disableInterrupts()	8	static
TouchGFXHAL.cpp:168:6:virtual void TouchGFXHAL::enableLCDControllerInterrupt()	8	static
HAL.hpp:617:18:virtual void touchgfx::HAL::setFrameBufferStartAddresses(void*, void*, void*)	8	static
HAL.hpp:538:18:virtual void touchgfx::HAL::backPorchExited()	8	static
TouchGFXHAL.hpp:101:18:virtual void TouchGFXHAL::flushFrameBuffer()	8	static
TouchGFXHAL.hpp:31:7:virtual TouchGFXHAL::~TouchGFXHAL()	8	static
TouchGFXHAL.cpp:30:6:void TouchGFXHAL::initialize()	16	static
TouchGFXHAL.cpp:192:1:cpp)	8	static
TouchGFXHAL.cpp:192:1:cpp)	8	static
