new:173:33:void* operator new(std::size_t, void*)	16	static
stl_deque.h:93:3:constexpr std::size_t std::__deque_buf_size(std::size_t)	16	static
eventqueue.h:23:5:constexpr interface::XFEventQueue::XFEventQueue()	16	static
eventqueue.h:14:13:interface::XFEventQueue::~XFEventQueue()	16	static
eventqueue.h:14:13:virtual interface::XFEventQueue::~XFEventQueue()	16	static
stl_queue.h:96:11:std::queue<const XFEvent*>::~queue()	16	static
eventqueue-default.cpp:8:1:XFEventQueueDefault::XFEventQueueDefault()	16	static
eventqueue-default.cpp:13:1:XFEventQueueDefault::~XFEventQueueDefault()	16	static
eventqueue-default.cpp:13:1:virtual XFEventQueueDefault::~XFEventQueueDefault()	16	static
eventqueue-default.cpp:18:6:virtual bool XFEventQueueDefault::empty() const	16	static
eventqueue-default.cpp:23:6:virtual bool XFEventQueueDefault::push(const XFEvent*, bool)	24	static
eventqueue-default.cpp:34:17:virtual const XFEvent* XFEventQueueDefault::front()	24	static
eventqueue-default.cpp:45:6:virtual void XFEventQueueDefault::pop()	16	static
eventqueue-default.cpp:54:6:virtual bool XFEventQueueDefault::pend()	16	static
stl_queue.h:160:2:std::queue<_Tp, _Sequence>::queue() [with _Seq = std::deque<const XFEvent*, std::allocator<const XFEvent*> >; _Requires = void; _Tp = const XFEvent*; _Sequence = std::deque<const XFEvent*, std::allocator<const XFEvent*> >]	16	static
stl_deque.h:1071:7:std::deque<_Tp, _Alloc>::~deque() [with _Tp = const XFEvent*; _Alloc = std::allocator<const XFEvent*>]	48	static
stl_queue.h:197:7:bool std::queue<_Tp, _Sequence>::empty() const [with _Tp = const XFEvent*; _Sequence = std::deque<const XFEvent*, std::allocator<const XFEvent*> >]	16	static
stl_queue.h:259:7:void std::queue<_Tp, _Sequence>::push(const value_type&) [with _Tp = const XFEvent*; _Sequence = std::deque<const XFEvent*, std::allocator<const XFEvent*> >]	16	static
stl_queue.h:210:7:std::queue<_Tp, _Sequence>::reference std::queue<_Tp, _Sequence>::front() [with _Tp = const XFEvent*; _Sequence = std::deque<const XFEvent*, std::allocator<const XFEvent*> >]	16	static
stl_queue.h:292:7:void std::queue<_Tp, _Sequence>::pop() [with _Tp = const XFEvent*; _Sequence = std::deque<const XFEvent*, std::allocator<const XFEvent*> >]	16	static
stl_deque.h:915:7:std::deque<_Tp, _Alloc>::deque() [with _Tp = const XFEvent*; _Alloc = std::allocator<const XFEvent*>]	16	static
stl_deque.h:567:14:std::_Deque_base<const XFEvent*, std::allocator<const XFEvent*> >::_Deque_impl::~_Deque_impl()	16	static
stl_deque.h:678:5:std::_Deque_base<_Tp, _Alloc>::~_Deque_base() [with _Tp = const XFEvent*; _Alloc = std::allocator<const XFEvent*>]	16	static
stl_deque.h:1193:7:std::deque<_Tp, _Alloc>::iterator std::deque<_Tp, _Alloc>::begin() [with _Tp = const XFEvent*; _Alloc = std::allocator<const XFEvent*>]	16	static
stl_deque.h:1210:7:std::deque<_Tp, _Alloc>::iterator std::deque<_Tp, _Alloc>::end() [with _Tp = const XFEvent*; _Alloc = std::allocator<const XFEvent*>]	16	static
stl_deque.h:605:7:std::_Deque_base<_Tp, _Alloc>::_Tp_alloc_type& std::_Deque_base<_Tp, _Alloc>::_M_get_Tp_allocator() [with _Tp = const XFEvent*; _Alloc = std::allocator<const XFEvent*>]	16	static
stl_deque.h:167:7:std::_Deque_iterator<_Tp, _Ref, _Ptr>::_Deque_iterator(const std::_Deque_iterator<_Tp, _Ref, _Ptr>&) [with _Tp = const XFEvent*; _Ref = const XFEvent*&; _Ptr = const XFEvent**]	16	static
stl_deque.h:2113:7:void std::deque<_Tp, _Alloc>::_M_destroy_data(std::deque<_Tp, _Alloc>::iterator, std::deque<_Tp, _Alloc>::iterator, const std::allocator<_Tp1>&) [with _Tp = const XFEvent*; _Alloc = std::allocator<const XFEvent*>]	56	static
stl_deque.h:1384:7:bool std::deque<_Tp, _Alloc>::empty() const [with _Tp = const XFEvent*; _Alloc = std::allocator<const XFEvent*>]	16	static
stl_deque.h:1569:7:void std::deque<_Tp, _Alloc>::push_back(const value_type&) [with _Tp = const XFEvent*; _Alloc = std::allocator<const XFEvent*>]	16	static
stl_deque.h:1478:7:std::deque<_Tp, _Alloc>::reference std::deque<_Tp, _Alloc>::front() [with _Tp = const XFEvent*; _Alloc = std::allocator<const XFEvent*>]	32	static
stl_deque.h:1605:7:void std::deque<_Tp, _Alloc>::pop_front() [with _Tp = const XFEvent*; _Alloc = std::allocator<const XFEvent*>]	16	static
stl_deque.h:508:7:std::_Deque_base<_Tp, _Alloc>::_Deque_base() [with _Tp = const XFEvent*; _Alloc = std::allocator<const XFEvent*>]	16	static
allocator.h:153:7:std::allocator< <template-parameter-1-1> >::~allocator() [with _Tp = const XFEvent*]	16	static
stl_deque.h:756:5:void std::_Deque_base<_Tp, _Alloc>::_M_destroy_nodes(std::_Deque_base<_Tp, _Alloc>::_Map_pointer, std::_Deque_base<_Tp, _Alloc>::_Map_pointer) [with _Tp = const XFEvent*; _Alloc = std::allocator<const XFEvent*>]	32	static
stl_deque.h:638:7:void std::_Deque_base<_Tp, _Alloc>::_M_deallocate_map(std::_Deque_base<_Tp, _Alloc>::_Map_pointer, std::size_t) [with _Tp = const XFEvent*; _Alloc = std::allocator<const XFEvent*>]	32	static
stl_deque.h:286:5:bool std::operator==(const std::_Deque_iterator<_Tp, _Ref, _Ptr>&, const std::_Deque_iterator<_Tp, _Ref, _Ptr>&) [with _Tp = const XFEvent*; _Ref = const XFEvent*&; _Ptr = const XFEvent**]	16	static
alloc_traits.h:482:2:) [with _Up = const XFEvent*; _Args = {const XFEvent* const&}; _Tp = const XFEvent*]	24	static
deque.tcc:479:7:) [with _Args = {const XFEvent* const&}; _Tp = const XFEvent*; _Alloc = std::allocator<const XFEvent*>]	24	static
stl_deque.h:179:7:std::_Deque_iterator<_Tp, _Ref, _Ptr>::reference std::_Deque_iterator<_Tp, _Ref, _Ptr>::operator*() const [with _Tp = const XFEvent*; _Ref = const XFEvent*&; _Ptr = const XFEvent**]	16	static
alloc_traits.h:495:2:static void std::allocator_traits<std::allocator<_Tp1> >::destroy(std::allocator_traits<std::allocator<_Tp1> >::allocator_type&, _Up*) [with _Up = const XFEvent*; _Tp = const XFEvent*]	16	static
deque.tcc:571:10:void std::deque<_Tp, _Alloc>::_M_pop_front_aux() [with _Tp = const XFEvent*; _Alloc = std::allocator<const XFEvent*>]	16	static
stl_deque.h:575:2:std::_Deque_base<_Tp, _Alloc>::_Deque_impl::_Deque_impl() [with _Tp = const XFEvent*; _Alloc = std::allocator<const XFEvent*>]	16	static
stl_deque.h:699:5:void std::_Deque_base<_Tp, _Alloc>::_M_initialize_map(std::size_t) [with _Tp = const XFEvent*; _Alloc = std::allocator<const XFEvent*>]	48	static
new_allocator.h:89:7:__gnu_cxx::new_allocator<_Tp>::~new_allocator() [with _Tp = const XFEvent*]	16	static
stl_deque.h:624:7:void std::_Deque_base<_Tp, _Alloc>::_M_deallocate_node(std::_Deque_base<_Tp, _Alloc>::_Ptr) [with _Tp = const XFEvent*; _Alloc = std::allocator<const XFEvent*>]	24	static
stl_deque.h:613:7:std::_Deque_base<_Tp, _Alloc>::_Map_alloc_type std::_Deque_base<_Tp, _Alloc>::_M_get_map_allocator() const [with _Tp = const XFEvent*; _Alloc = std::allocator<const XFEvent*>]	16	static
allocator.h:153:7:std::allocator< <template-parameter-1-1> >::~allocator() [with _Tp = const XFEvent**]	16	static
alloc_traits.h:469:7:static void std::allocator_traits<std::allocator<_Tp1> >::deallocate(std::allocator_traits<std::allocator<_Tp1> >::allocator_type&, std::allocator_traits<std::allocator<_Tp1> >::pointer, std::allocator_traits<std::allocator<_Tp1> >::size_type) [with _Tp = const XFEvent**]	24	static
move.h:74:5:constexpr _Tp&& std::forward(typename std::remove_reference<_Tp>::type&) [with _Tp = const XFEvent* const&]	16	static
new_allocator.h:144:2:) [with _Up = const XFEvent*; _Args = {const XFEvent* const&}; _Tp = const XFEvent*]	32	static
stl_deque.h:1298:7:std::deque<_Tp, _Alloc>::size_type std::deque<_Tp, _Alloc>::size() const [with _Tp = const XFEvent*; _Alloc = std::allocator<const XFEvent*>]	16	static
stl_deque.h:1303:7:std::deque<_Tp, _Alloc>::size_type std::deque<_Tp, _Alloc>::max_size() const [with _Tp = const XFEvent*; _Alloc = std::allocator<const XFEvent*>]	16	static
stl_deque.h:2194:7:void std::deque<_Tp, _Alloc>::_M_reserve_map_at_back(std::deque<_Tp, _Alloc>::size_type) [with _Tp = const XFEvent*; _Alloc = std::allocator<const XFEvent*>]	16	static
stl_deque.h:617:7:std::_Deque_base<_Tp, _Alloc>::_Ptr std::_Deque_base<_Tp, _Alloc>::_M_allocate_node() [with _Tp = const XFEvent*; _Alloc = std::allocator<const XFEvent*>]	24	static
stl_deque.h:273:7:void std::_Deque_iterator<_Tp, _Ref, _Ptr>::_M_set_node(std::_Deque_iterator<_Tp, _Ref, _Ptr>::_Map_pointer) [with _Tp = const XFEvent*; _Ref = const XFEvent*&; _Ptr = const XFEvent**]	24	static
new_allocator.h:151:2:void __gnu_cxx::new_allocator<_Tp>::destroy(_Up*) [with _Up = const XFEvent*; _Tp = const XFEvent*]	16	static
allocator.h:138:7:std::allocator< <template-parameter-1-1> >::allocator() [with _Tp = const XFEvent*]	16	static
stl_deque.h:150:7:std::_Deque_iterator<_Tp, _Ref, _Ptr>::_Deque_iterator() [with _Tp = const XFEvent*; _Ref = const XFEvent*&; _Ptr = const XFEvent**]	16	static
stl_algobase.h:222:5:constexpr const _Tp& std::max(const _Tp&, const _Tp&) [with _Tp = unsigned int]	16	static
stl_deque.h:631:7:std::_Deque_base<_Tp, _Alloc>::_Map_pointer std::_Deque_base<_Tp, _Alloc>::_M_allocate_map(std::size_t) [with _Tp = const XFEvent*; _Alloc = std::allocator<const XFEvent*>]	32	static
stl_deque.h:738:5:void std::_Deque_base<_Tp, _Alloc>::_M_create_nodes(std::_Deque_base<_Tp, _Alloc>::_Map_pointer, std::_Deque_base<_Tp, _Alloc>::_Map_pointer) [with _Tp = const XFEvent*; _Alloc = std::allocator<const XFEvent*>]	32	static
alloc_traits.h:469:7:static void std::allocator_traits<std::allocator<_Tp1> >::deallocate(std::allocator_traits<std::allocator<_Tp1> >::allocator_type&, std::allocator_traits<std::allocator<_Tp1> >::pointer, std::allocator_traits<std::allocator<_Tp1> >::size_type) [with _Tp = const XFEvent*]	24	static
stl_deque.h:609:7:const _Tp_alloc_type& std::_Deque_base<_Tp, _Alloc>::_M_get_Tp_allocator() const [with _Tp = const XFEvent*; _Alloc = std::allocator<const XFEvent*>]	16	static
allocator.h:151:2:std::allocator< <template-parameter-1-1> >::allocator(const std::allocator<_Tp1>&) [with _Tp1 = const XFEvent*; _Tp = const XFEvent**]	16	static
new_allocator.h:89:7:__gnu_cxx::new_allocator<_Tp>::~new_allocator() [with _Tp = const XFEvent**]	16	static
new_allocator.h:119:7:void __gnu_cxx::new_allocator<_Tp>::deallocate(__gnu_cxx::new_allocator<_Tp>::pointer, __gnu_cxx::new_allocator<_Tp>::size_type) [with _Tp = const XFEvent**]	24	static
stl_deque.h:370:5:typename std::_Deque_iterator<_Tp, _Ref, _Ptr>::difference_type std::operator-(const std::_Deque_iterator<_Tp, _Ref, _Ptr>&, const std::_Deque_iterator<_Tp, _Ref, _Ptr>&) [with _Tp = const XFEvent*; _Ref = const XFEvent*&; _Ptr = const XFEvent**]	16	static
stl_deque.h:1896:7:static std::deque<_Tp, _Alloc>::size_type std::deque<_Tp, _Alloc>::_S_max_size(const _Tp_alloc_type&) [with _Tp = const XFEvent*; _Alloc = std::allocator<const XFEvent*>]	24	static
deque.tcc:926:5:void std::deque<_Tp, _Alloc>::_M_reallocate_map(std::deque<_Tp, _Alloc>::size_type, bool) [with _Tp = const XFEvent*; _Alloc = std::allocator<const XFEvent*>]	56	static
alloc_traits.h:443:7:static _Tp* std::allocator_traits<std::allocator<_Tp1> >::allocate(std::allocator_traits<std::allocator<_Tp1> >::allocator_type&, std::allocator_traits<std::allocator<_Tp1> >::size_type) [with _Tp = const XFEvent*]	16	static
stl_deque.h:130:21:static std::size_t std::_Deque_iterator<_Tp, _Ref, _Ptr>::_S_buffer_size() [with _Tp = const XFEvent*; _Ref = const XFEvent*&; _Ptr = const XFEvent**]	8	static
new_allocator.h:80:7:__gnu_cxx::new_allocator<_Tp>::new_allocator() [with _Tp = const XFEvent*]	16	static
alloc_traits.h:443:7:static _Tp* std::allocator_traits<std::allocator<_Tp1> >::allocate(std::allocator_traits<std::allocator<_Tp1> >::allocator_type&, std::allocator_traits<std::allocator<_Tp1> >::size_type) [with _Tp = const XFEvent**]	16	static
new_allocator.h:119:7:void __gnu_cxx::new_allocator<_Tp>::deallocate(__gnu_cxx::new_allocator<_Tp>::pointer, __gnu_cxx::new_allocator<_Tp>::size_type) [with _Tp = const XFEvent*]	24	static
new_allocator.h:80:7:__gnu_cxx::new_allocator<_Tp>::new_allocator() [with _Tp = const XFEvent**]	16	static
alloc_traits.h:505:7:static std::allocator_traits<std::allocator<_Tp1> >::size_type std::allocator_traits<std::allocator<_Tp1> >::max_size(const allocator_type&) [with _Tp = const XFEvent*]	16	static
stl_algobase.h:198:5:constexpr const _Tp& std::min(const _Tp&, const _Tp&) [with _Tp = unsigned int]	16	static
stl_algobase.h:465:5:_OI std::copy(_II, _II, _OI) [with _II = const XFEvent***; _OI = const XFEvent***]	32	static
stl_algobase.h:641:5:_BI2 std::copy_backward(_BI1, _BI1, _BI2) [with _BI1 = const XFEvent***; _BI2 = const XFEvent***]	32	static
new_allocator.h:102:7:_Tp* __gnu_cxx::new_allocator<_Tp>::allocate(__gnu_cxx::new_allocator<_Tp>::size_type, const void*) [with _Tp = const XFEvent*]	24	static
new_allocator.h:102:7:_Tp* __gnu_cxx::new_allocator<_Tp>::allocate(__gnu_cxx::new_allocator<_Tp>::size_type, const void*) [with _Tp = const XFEvent**]	24	static
new_allocator.h:132:7:__gnu_cxx::new_allocator<_Tp>::size_type __gnu_cxx::new_allocator<_Tp>::max_size() const [with _Tp = const XFEvent*]	16	static
cpp_type_traits.h:428:5:_Iterator std::__miter_base(_Iterator) [with _Iterator = const XFEvent***]	16	static
stl_algobase.h:438:5:_OI std::__copy_move_a2(_II, _II, _OI) [with bool _IsMove = false; _II = const XFEvent***; _OI = const XFEvent***]	32	static
stl_algobase.h:613:5:_BI2 std::__copy_move_backward_a2(_BI1, _BI1, _BI2) [with bool _IsMove = false; _BI1 = const XFEvent***; _BI2 = const XFEvent***]	32	static
new_allocator.h:132:7:__gnu_cxx::new_allocator<_Tp>::size_type __gnu_cxx::new_allocator<_Tp>::max_size() const [with _Tp = const XFEvent**]	16	static
stl_algobase.h:280:5:_Iterator std::__niter_base(_Iterator) [with _Iterator = const XFEvent***]	16	static
stl_algobase.h:393:5:_OI std::__copy_move_a(_II, _II, _OI) [with bool _IsMove = false; _II = const XFEvent***; _OI = const XFEvent***]	32	static
stl_algobase.h:295:5:_Iterator std::__niter_wrap(const _Iterator&, _Iterator) [with _Iterator = const XFEvent***]	16	static
stl_algobase.h:595:5:_BI2 std::__copy_move_backward_a(_BI1, _BI1, _BI2) [with bool _IsMove = false; _BI1 = const XFEvent***; _BI2 = const XFEvent***]	32	static
stl_algobase.h:375:2:static _Tp* std::__copy_move<_IsMove, true, std::random_access_iterator_tag>::__copy_m(const _Tp*, const _Tp*, _Tp*) [with _Tp = const XFEvent**; bool _IsMove = false]	32	static
stl_algobase.h:577:2:static _Tp* std::__copy_move_backward<_IsMove, true, std::random_access_iterator_tag>::__copy_move_b(const _Tp*, const _Tp*, _Tp*) [with _Tp = const XFEvent**; bool _IsMove = false]	32	static
