Canvas.cpp:20:1:touchgfx::Canvas::Canvas(const touchgfx::CanvasWidget*, const touchgfx::Rect&)	72	static
Canvas.cpp:218:9:uint8_t touchgfx::Canvas::isOutside(const touchgfx::CWRUtil::Q5&, const touchgfx::CWRUtil::Q5&, const touchgfx::CWRUtil::Q5&, const touchgfx::CWRUtil::Q5&) const	0	static
Canvas.cpp:242:6:void touchgfx::Canvas::transformFrameBufferToDisplay(touchgfx::CWRUtil::Q5&, touchgfx::CWRUtil::Q5&) const	4	static
Canvas.cpp:137:6:void touchgfx::Canvas::lineTo(touchgfx::CWRUtil::Q5, touchgfx::CWRUtil::Q5)	40	static
Canvas.cpp:256:6:void touchgfx::Canvas::close()	8	static
Canvas.cpp:99:6:void touchgfx::Canvas::moveTo(touchgfx::CWRUtil::Q5, touchgfx::CWRUtil::Q5)	40	static
Canvas.cpp:183:6:bool touchgfx::Canvas::render(uint8_t)	112	static
Canvas.cpp:94:1:touchgfx::Canvas::~Canvas()	16	static
Canvas.cpp:94:1:virtual touchgfx::Canvas::~Canvas()	8	static
