AbstractPainter.hpp:97:18:virtual void touchgfx::AbstractPainter::setAlpha(uint8_t)	0	static
AbstractPainter.hpp:103:21:virtual uint8_t touchgfx::AbstractPainter::getAlpha() const	0	static
PainterRGB888Bitmap.cpp:28:6:virtual void touchgfx::PainterRGB888Bitmap::render(uint8_t*, int, int, int, unsigned int, const uint8_t*)	24	static
PainterRGB888Bitmap.cpp:196:6:virtual bool touchgfx::PainterRGB888Bitmap::renderNext(uint8_t&, uint8_t&, uint8_t&, uint8_t&)	12	static
PainterRGB888Bitmap.hpp:39:7:touchgfx::PainterRGB888Bitmap::~PainterRGB888Bitmap()	0	static
PainterRGB888Bitmap.cpp:152:6:virtual bool touchgfx::PainterRGB888Bitmap::renderInit()	16	static
PainterRGB888Bitmap.hpp:39:7:virtual touchgfx::PainterRGB888Bitmap::~PainterRGB888Bitmap()	8	static
PainterRGB888Bitmap.cpp:20:6:void touchgfx::PainterRGB888Bitmap::setBitmap(const touchgfx::Bitmap&)	24	static
