AbstractPainter.hpp:97:18:virtual void touchgfx::AbstractPainter::setAlpha(uint8_t)	0	static
AbstractPainter.hpp:103:21:virtual uint8_t touchgfx::AbstractPainter::getAlpha() const	0	static
AbstractPainterRGBA2222.hpp:78:18:virtual bool touchgfx::AbstractPainterRGBA2222::renderInit()	0	static
PainterRGBA2222.cpp:22:6:virtual void touchgfx::PainterRGBA2222::render(uint8_t*, int, int, int, unsigned int, const uint8_t*)	36	static
PainterRGBA2222.cpp:60:6:virtual bool touchgfx::PainterRGBA2222::renderNext(uint8_t&, uint8_t&, uint8_t&, uint8_t&)	4	static
PainterRGBA2222.hpp:36:7:touchgfx::PainterRGBA2222::~PainterRGBA2222()	0	static
PainterRGBA2222.hpp:36:7:virtual touchgfx::PainterRGBA2222::~PainterRGBA2222()	8	static
