AbstractPainter.hpp:97:18:virtual void touchgfx::AbstractPainter::setAlpha(uint8_t)	0	static
AbstractPainter.hpp:103:21:virtual uint8_t touchgfx::AbstractPainter::getAlpha() const	0	static
AbstractPainterGRAY2.hpp:52:18:virtual bool touchgfx::AbstractPainterGRAY2::renderInit()	0	static
PainterGRAY2.cpp:22:6:virtual void touchgfx::PainterGRAY2::render(uint8_t*, int, int, int, unsigned int, const uint8_t*)	32	static
PainterGRAY2.cpp:69:6:virtual bool touchgfx::PainterGRAY2::renderNext(uint8_t&, uint8_t&)	0	static
PainterGRAY2.hpp:36:7:touchgfx::PainterGRAY2::~PainterGRAY2()	0	static
PainterGRAY2.hpp:36:7:virtual touchgfx::PainterGRAY2::~PainterGRAY2()	8	static
