AbstractPainter.hpp:97:18:virtual void touchgfx::AbstractPainter::setAlpha(uint8_t)	0	static
AbstractPainter.hpp:103:21:virtual uint8_t touchgfx::AbstractPainter::getAlpha() const	0	static
AbstractPainterABGR2222.hpp:86:18:virtual bool touchgfx::AbstractPainterABGR2222::renderInit()	0	static
PainterABGR2222.cpp:22:6:virtual void touchgfx::PainterABGR2222::render(uint8_t*, int, int, int, unsigned int, const uint8_t*)	36	static
PainterABGR2222.cpp:60:6:virtual bool touchgfx::PainterABGR2222::renderNext(uint8_t&, uint8_t&, uint8_t&, uint8_t&)	4	static
PainterABGR2222.hpp:36:7:touchgfx::PainterABGR2222::~PainterABGR2222()	0	static
PainterABGR2222.hpp:36:7:virtual touchgfx::PainterABGR2222::~PainterABGR2222()	8	static
