AbstractPainter.hpp:97:18:virtual void touchgfx::AbstractPainter::setAlpha(uint8_t)	0	static
AbstractPainter.hpp:103:21:virtual uint8_t touchgfx::AbstractPainter::getAlpha() const	0	static
PainterGRAY4Bitmap.cpp:29:6:virtual void touchgfx::PainterGRAY4Bitmap::render(uint8_t*, int, int, int, unsigned int, const uint8_t*)	32	static
PainterGRAY4Bitmap.cpp:162:6:virtual bool touchgfx::PainterGRAY4Bitmap::renderNext(uint8_t&, uint8_t&)	8	static
PainterGRAY4Bitmap.hpp:39:7:touchgfx::PainterGRAY4Bitmap::~PainterGRAY4Bitmap()	0	static
PainterGRAY4Bitmap.cpp:127:6:virtual bool touchgfx::PainterGRAY4Bitmap::renderInit()	16	static
PainterGRAY4Bitmap.hpp:39:7:virtual touchgfx::PainterGRAY4Bitmap::~PainterGRAY4Bitmap()	8	static
PainterGRAY4Bitmap.cpp:21:6:void touchgfx::PainterGRAY4Bitmap::setBitmap(const touchgfx::Bitmap&)	24	static
