Drawable.hpp:271:18:virtual void touchgfx::Drawable::setX(int16_t)	0	static
Drawable.hpp:283:18:virtual void touchgfx::Drawable::setY(int16_t)	0	static
Drawable.hpp:312:18:virtual void touchgfx::Drawable::setWidth(int16_t)	0	static
Drawable.hpp:324:18:virtual void touchgfx::Drawable::setHeight(int16_t)	0	static
Drawable.hpp:334:18:virtual void touchgfx::Drawable::childGeometryChanged()	0	static
Drawable.hpp:345:18:virtual void touchgfx::Drawable::handleClickEvent(const touchgfx::ClickEvent&)	0	static
Drawable.hpp:356:18:virtual void touchgfx::Drawable::handleGestureEvent(const touchgfx::GestureEvent&)	0	static
Drawable.hpp:444:18:virtual void touchgfx::Drawable::handleDragEvent(const touchgfx::DragEvent&)	0	static
Drawable.hpp:454:18:virtual void touchgfx::Drawable::handleTickEvent()	0	static
Drawable.hpp:541:18:virtual void touchgfx::Drawable::moveTo(int16_t, int16_t)	16	static
Container.hpp:154:23:virtual touchgfx::Drawable* touchgfx::Container::getFirstChild()	0	static
AnalogClock.hpp:175:22:virtual uint16_t touchgfx::AnalogClock::getAnimationDuration()	0	static
AnalogClock.cpp:56:6:virtual void touchgfx::AnalogClock::setRotationCenter(int16_t, int16_t)	0	static
AnalogClock.cpp:62:6:virtual void touchgfx::AnalogClock::setupHourHand(touchgfx::BitmapId, int16_t, int16_t)	24	static
AnalogClock.cpp:67:6:virtual void touchgfx::AnalogClock::setupMinuteHand(touchgfx::BitmapId, int16_t, int16_t)	24	static
AnalogClock.cpp:72:6:virtual void touchgfx::AnalogClock::setupSecondHand(touchgfx::BitmapId, int16_t, int16_t)	24	static
AnalogClock.cpp:77:6:virtual void touchgfx::AnalogClock::setupHand(touchgfx::TextureMapper&, touchgfx::BitmapId, int16_t, int16_t)	40	static
AnalogClock.cpp:94:6:virtual void touchgfx::AnalogClock::initializeTime24Hour(uint8_t, uint8_t, uint8_t)	16	static
AnalogClock.cpp:108:6:virtual void touchgfx::AnalogClock::initializeTime12Hour(uint8_t, uint8_t, uint8_t, bool)	16	static
AnalogClock.cpp:113:6:virtual void touchgfx::AnalogClock::setAlpha(uint8_t)	0	static
AnalogClock.cpp:121:9:virtual uint8_t touchgfx::AnalogClock::getAlpha() const	0	static
AnalogClock.cpp:206:7:virtual float touchgfx::AnalogClock::convertHandValueToAngle(uint8_t, uint8_t, uint8_t) const	0	static
AnalogClock.cpp:217:6:virtual bool touchgfx::AnalogClock::getHourHandMinuteCorrection() const	0	static
AnalogClock.cpp:228:6:virtual bool touchgfx::AnalogClock::getMinuteHandSecondCorrection() const	0	static
AnalogClock.cpp:233:6:virtual bool touchgfx::AnalogClock::animationEnabled() const	0	static
AnalogClock.cpp:238:6:virtual void touchgfx::AnalogClock::setAnimation(uint16_t, touchgfx::EasingEquation)	0	static
AnalogClock.hpp:40:7:touchgfx::AnalogClock::~AnalogClock()	0	static
AnalogClock.cpp:48:6:virtual void touchgfx::AnalogClock::setBackground(touchgfx::BitmapId, int16_t, int16_t)	32	static
AnalogClock.hpp:40:7:virtual touchgfx::AnalogClock::~AnalogClock()	8	static
AnalogClock.cpp:43:6:virtual void touchgfx::AnalogClock::setBackground(touchgfx::BitmapId)	32	static
AnalogClock.cpp:126:6:virtual void touchgfx::AnalogClock::updateClock()	32	static
AnalogClock.cpp:211:6:virtual void touchgfx::AnalogClock::setHourHandMinuteCorrection(bool)	24	static
AnalogClock.cpp:222:6:virtual void touchgfx::AnalogClock::setMinuteHandSecondCorrection(bool)	24	static
AnalogClock.cpp:20:1:touchgfx::AnalogClock::AnalogClock()	48	static
