Drawable.hpp:271:18:virtual void touchgfx::Drawable::setX(int16_t)	0	static
Drawable.hpp:283:18:virtual void touchgfx::Drawable::setY(int16_t)	0	static
Drawable.hpp:334:18:virtual void touchgfx::Drawable::childGeometryChanged()	0	static
Drawable.hpp:345:18:virtual void touchgfx::Drawable::handleClickEvent(const touchgfx::ClickEvent&)	0	static
Drawable.hpp:356:18:virtual void touchgfx::Drawable::handleGestureEvent(const touchgfx::GestureEvent&)	0	static
Drawable.hpp:444:18:virtual void touchgfx::Drawable::handleDragEvent(const touchgfx::DragEvent&)	0	static
Drawable.hpp:454:18:virtual void touchgfx::Drawable::handleTickEvent()	0	static
Drawable.hpp:541:18:virtual void touchgfx::Drawable::moveTo(int16_t, int16_t)	16	static
Container.hpp:154:23:virtual touchgfx::Drawable* touchgfx::Container::getFirstChild()	0	static
TypedText.hpp:68:13:touchgfx::TypedText::~TypedText()	0	static
DigitalClock.hpp:103:18:virtual void touchgfx::DigitalClock::setDisplayMode(touchgfx::DigitalClock::DisplayMode)	0	static
DigitalClock.hpp:115:25:virtual touchgfx::DigitalClock::DisplayMode touchgfx::DigitalClock::getDisplayMode() const	0	static
DigitalClock.cpp:31:6:virtual void touchgfx::DigitalClock::setWidth(int16_t)	0	static
DigitalClock.cpp:37:6:virtual void touchgfx::DigitalClock::setHeight(int16_t)	0	static
DigitalClock.cpp:56:6:virtual void touchgfx::DigitalClock::setAlpha(uint8_t)	0	static
DigitalClock.cpp:61:9:virtual uint8_t touchgfx::DigitalClock::getAlpha() const	0	static
DigitalClock.cpp:78:11:virtual touchgfx::colortype touchgfx::DigitalClock::getColor() const	0	static
DigitalClock.hpp:39:7:touchgfx::DigitalClock::~DigitalClock()	0	static
DigitalClock.cpp:72:6:virtual void touchgfx::DigitalClock::setColor(touchgfx::colortype)	8	static
DigitalClock.cpp:43:6:virtual void touchgfx::DigitalClock::setBaselineY(int16_t)	24	static
DigitalClock.hpp:148:22:virtual uint16_t touchgfx::DigitalClock::getTextWidth() const	32	static
TypedText.hpp:68:13:virtual touchgfx::TypedText::~TypedText()	8	static
DigitalClock.hpp:39:7:virtual touchgfx::DigitalClock::~DigitalClock()	8	static
DigitalClock.cpp:66:6:virtual void touchgfx::DigitalClock::setTypedText(touchgfx::TypedText)	16	static
DigitalClock.cpp:83:6:virtual void touchgfx::DigitalClock::updateClock()	48	static
DigitalClock.cpp:20:1:touchgfx::DigitalClock::DigitalClock()	16	static
DigitalClock.cpp:51:6:void touchgfx::DigitalClock::displayLeadingZeroForHourIndicator(bool)	0	static
