behavior.cpp:24:6:virtual void XFBehavior::pushEvent(XFEvent*, bool)	8	static
behavior.cpp:30:6:virtual bool XFBehavior::deleteOnTerminate() const	0	static
behavior.cpp:35:6:virtual void XFBehavior::setDeleteOnTerminate(bool)	0	static
behavior.cpp:19:6:virtual void XFBehavior::startBehavior()	16	static
behavior.cpp:9:1:XFBehavior::XFBehavior()	8	static
behavior.cpp:14:1:XFBehavior::~XFBehavior()	0	static
behavior.cpp:14:1:virtual XFBehavior::~XFBehavior()	8	static
behavior.cpp:40:16:const XFEvent* XFBehavior::getCurrentEvent() const	0	static
behavior.cpp:45:26:interface::XFDispatcher* XFBehavior::getDispatcher()	0	static
behavior.cpp:50:18:const XFTimeout* XFBehavior::getCurrentTimeout()	0	static
behavior.cpp:55:6:void XFBehavior::setCurrentEvent(const XFEvent*)	0	static
behavior.cpp:60:31:virtual interface::XFBehavior::TerminateBehavior XFBehavior::process(const XFEvent*)	16	static
