Drawable.hpp:271:18:virtual void touchgfx::Drawable::setX(int16_t)	0	static
Drawable.hpp:283:18:virtual void touchgfx::Drawable::setY(int16_t)	0	static
Drawable.hpp:334:18:virtual void touchgfx::Drawable::childGeometryChanged()	0	static
Drawable.hpp:356:18:virtual void touchgfx::Drawable::handleGestureEvent(const touchgfx::GestureEvent&)	0	static
Drawable.hpp:454:18:virtual void touchgfx::Drawable::handleTickEvent()	0	static
Drawable.hpp:541:18:virtual void touchgfx::Drawable::moveTo(int16_t, int16_t)	16	static
Container.hpp:154:23:virtual touchgfx::Drawable* touchgfx::Container::getFirstChild()	0	static
GraphWrapAndOverwrite.hpp:33:7:touchgfx::DataGraphWrapAndOverwrite::~DataGraphWrapAndOverwrite()	0	static
GraphWrapAndOverwrite.cpp:25:6:virtual void touchgfx::DataGraphWrapAndOverwrite::clear()	8	static
GraphWrapAndOverwrite.cpp:31:9:virtual int32_t touchgfx::DataGraphWrapAndOverwrite::indexToGlobalIndex(int16_t) const	16	static
GraphWrapAndOverwrite.cpp:45:6:virtual void touchgfx::DataGraphWrapAndOverwrite::beforeAddValue()	16	static
GraphWrapAndOverwrite.cpp:67:9:virtual int16_t touchgfx::DataGraphWrapAndOverwrite::addValue(int)	24	static
GraphWrapAndOverwrite.hpp:33:7:virtual touchgfx::DataGraphWrapAndOverwrite::~DataGraphWrapAndOverwrite()	8	static
GraphWrapAndOverwrite.cpp:20:1:touchgfx::DataGraphWrapAndOverwrite::DataGraphWrapAndOverwrite(int16_t, int*)	8	static
